{
  "problem": {
    "id": "fake/three",
    "language": "Fake",
    "track_id": "fake",
    "name": "Three",
    "slug": "three",
    "files": {
      "three_test.tst": "assert 'one'\n",
      "README.md": "# Three\n\nThis is three.\n\n* three\n* three again\n\nDo stuff.\n\n## Source\n\nThe internet. [view source](http://example.com/3)\n"
    },
    "fresh": false
  }
}
