{
  "docs": {
    "hello": "Module\n",
    "workflow": "Running\n",
    "resources": "Resources\n",
    "installation": "Installing\n",
    "tools": "Lint\n"
  }
}
