{
  "assignments": [
    {
      "track_id": "animal",
      "id": "dog",
      "track": "animal",
      "slug": "dog",
      "files": {
        "a_dog.animal": "assert 'woof woof'\n",
        "README.md": "# Dog\n\nThis is dog.\n\n* dog\n* dog again\n\n\n## Source\n\nThe internet. [view source](http://example.com)\n"
      },
      "fresh": false
    },
    {
      "track_id": "fake",
      "id": "one",
      "track": "fake",
      "slug": "one",
      "files": {
        "Fakefile": "Autorun fake code\n",
        "one_test.tst": "assert 'one'\n",
        "README.md": "# One\n\nThis is one.\n\n* one\n* one again\n\nDo stuff.\n\n## Source\n\nThe internet. [view source](http://example.com)\n"
      },
      "fresh": false
    },
    {
      "track_id": "fruit",
      "id": "apple",
      "track": "fruit",
      "slug": "apple",
      "files": {
        "apple.ext": "an apple a day keeps the doctor away\n",
        "apple_test.tst": "assert 'one'\n",
        "README.md": "# Apple\n\nThis is apple.\n\n* apple\n* apple again\n\n\n## Source\n\nThe internet. [view source](http://example.com)\n"
      },
      "fresh": false
    }
  ]
}
