{
  "problems": [
    {
      "slug": "mango",
      "blurb": "This is mango.",
      "source": "The mango.",
      "source_url": "http://example.com",
      "track_ids": [

      ]
    },
    {
      "slug": "apple",
      "blurb": "This is apple.",
      "source": "The internet.",
      "source_url": "",
      "track_ids": [
        "fruit"
      ]
    },
    {
      "slug": "banana",
      "blurb": "This is banana.",
      "source": "",
      "source_url": "http://example.com",
      "track_ids": [
        "fruit"
      ]
    },
    {
      "slug": "cherry",
      "blurb": "This is cherry.",
      "source": "",
      "source_url": "",
      "track_ids": [
        "fruit"
      ]
    },
    {
      "slug": "dog",
      "blurb": "This is dog.",
      "source": "The internet.",
      "source_url": "http://example.com",
      "track_ids": [
        "animal"
      ]
    },
    {
      "slug": "hello-world",
      "blurb": "Oh, hello.",
      "source": "The internet.",
      "source_url": "http://example.com",
      "track_ids": [
        "fake",
        "jewels",
        "shoes"
      ]
    },
    {
      "slug": "one",
      "blurb": "This is one.",
      "source": "The internet.",
      "source_url": "http://example.com",
      "track_ids": [
        "fake"
      ]
    },
    {
      "slug": "three",
      "blurb": "This is three.",
      "source": "The internet.",
      "source_url": "http://example.com/3",
      "track_ids": [
        "fake"
      ]
    },
    {
      "slug": "two",
      "blurb": "This is two.",
      "source": "The internet.",
      "source_url": "http://example.com",
      "track_ids": [
        "fake"
      ]
    }
  ]
}
