{
  "error": "We don't have problem 'three' in 'ruby'"
}
