{
  "assignments": [
    {
      "track_id": "fake",
      "id": "one",
      "track": "fake",
      "slug": "one",
      "files": {
        "Fakefile": "Autorun fake code\n",
        "one_test.tst": "assert 'one'\n",
        "README.md": "# One\n\nThis is one.\n\n* one\n* one again\n\nDo stuff.\n\n## Source\n\nThe internet. [view source](http://example.com)\n"
      },
      "fresh": false
    }
  ]
}
