{
  "problem": {
    "slug": "one",
    "blurb": "This is one.",
    "source": "The internet.",
    "source_url": "http://example.com",
    "track_ids": [
      "fake"
    ]
  }
}
