[0] "dog"
[1] "hello-world"
[2] "mango"
[3] "one"
[4] "three"
[5] "two"
