{
  "track": {
    "language": "Fake",
    "active": true,
    "id": "fake",
    "slug": "fake",
    "problems": [
      "fake/one",
      "fake/two",
      "fake/three"
    ],
    "repository": "https://github.com/exercism/xfake"
  },
  "problems": [
    {
      "id": "fake/one",
      "track_id": "fake",
      "language": "Fake",
      "slug": "one",
      "name": "One",
      "files": {
        "Fakefile": "Autorun fake code\n",
        "one_test.tst": "assert 'one'\n",
        "README.md": "# One\n\nThis is one.\n\n* one\n* one again\n\nDo stuff.\n\n## Source\n\nThe internet. [view source](http://example.com)\n"
      },
      "fresh": false
    },
    {
      "id": "fake/two",
      "track_id": "fake",
      "language": "Fake",
      "slug": "two",
      "name": "Two",
      "files": {
        "two_test.tst": "assert 'one'\n",
        "README.md": "# Two\n\nThis is two.\n\n* two\n* two again\n\nDo stuff.\n\n## Source\n\nThe internet. [view source](http://example.com)\n"
      },
      "fresh": false
    },
    {
      "id": "fake/three",
      "track_id": "fake",
      "language": "Fake",
      "slug": "three",
      "name": "Three",
      "files": {
        "three_test.tst": "assert 'one'\n",
        "README.md": "# Three\n\nThis is three.\n\n* three\n* three again\n\nDo stuff.\n\n## Source\n\nThe internet. [view source](http://example.com/3)\n"
      },
      "fresh": false
    }
  ]
}
