[0] {"slug"=>"banana", "blurb"=>"This is banana.", "readme_url"=>"https://github.com/exercism/x-common/blob/master/exercises/banana/description.md", "data"=>nil, "implementations"=>[{"track_id"=>"fruit", "url"=>"https://example.com/exercism/xfruit/tree/master/exercises/banana"}]}
[1] {"slug"=>"cherry", "blurb"=>"This is cherry.", "readme_url"=>"https://github.com/exercism/x-common/blob/master/exercises/cherry/description.md", "data"=>nil, "implementations"=>[{"track_id"=>"fruit", "url"=>"https://example.com/exercism/xfruit/tree/master/exercises/cherry"}]}
[2] {"slug"=>"dog", "blurb"=>"This is dog.", "readme_url"=>"https://github.com/exercism/x-common/blob/master/exercises/dog/description.md", "data"=>nil, "implementations"=>[{"track_id"=>"animal", "url"=>"https://github.com/exercism/xanimal/tree/master/dog"}]}
[3] {"slug"=>"hello-world", "blurb"=>"Oh, hello.", "readme_url"=>"https://github.com/exercism/x-common/blob/master/exercises/hello-world/description.md", "data"=>nil, "implementations"=>[{"track_id"=>"fake", "url"=>"https://github.com/exercism/xfake/tree/master/hello-world"}, {"track_id"=>"jewels", "url"=>"https://github.com/exercism/xjewels/tree/master/hello-world"}, {"track_id"=>"shoes", "url"=>"https://github.com/exercism/xshoes/tree/master/hello-world"}]}
[4] {"slug"=>"one", "blurb"=>"This is one.", "readme_url"=>"https://github.com/exercism/x-common/blob/master/exercises/one/description.md", "data"=>nil, "implementations"=>[{"track_id"=>"fake", "url"=>"https://github.com/exercism/xfake/tree/master/one"}]}
[5] {"slug"=>"three", "blurb"=>"This is three.", "readme_url"=>"https://github.com/exercism/x-common/blob/master/exercises/three/description.md", "data"=>nil, "implementations"=>[{"track_id"=>"fake", "url"=>"https://github.com/exercism/xfake/tree/master/three"}]}
[6] {"slug"=>"two", "blurb"=>"This is two.", "readme_url"=>"https://github.com/exercism/x-common/blob/master/exercises/two/description.md", "data"=>nil, "implementations"=>[{"track_id"=>"fake", "url"=>"https://github.com/exercism/xfake/tree/master/two"}]}
