[0] {"slug"=>"banana", "blurb"=>"This is banana.", "readme_url"=>"https://github.com/exercism/x-common/blob/master/exercises/banana/description.md", "data"=>nil, "implementations"=>[{"track_id"=>"fruit", "url"=>"https://example.com/exercism/xfruit/tree/master/exercises/banana"}]}
[1] {"slug"=>"cherry", "blurb"=>"This is cherry.", "readme_url"=>"https://github.com/exercism/x-common/blob/master/exercises/cherry/description.md", "data"=>nil, "implementations"=>[{"track_id"=>"fruit", "url"=>"https://example.com/exercism/xfruit/tree/master/exercises/cherry"}]}
[2] {"slug"=>"mango", "blurb"=>"This is mango.", "readme_url"=>"https://github.com/exercism/x-common/blob/master/exercises/mango/description.md", "data"=>"https://github.com/exercism/x-common/blob/master/exercises/mango/canonical-data.json", "implementations"=>[]}
